<?xml version="1.0" encoding="utf-8"?><testsuites name="pytest tests"><testsuite name="pytest" errors="0" failures="0" skipped="0" tests="19" time="2.080" timestamp="2026-10-01T11:31:52.419258+00:00" hostname="DESKTOP-BDTIE7P"><testcase classname="tests.api.test_authentication" name="test_valid_login" time="0.543" /><testcase classname="tests.api.test_authentication" name="test_invalid_password" time="0.013" /><testcase classname="tests.api.test_authentication" name="test_invalid_username" time="0.007" /><testcase classname="tests.api.test_deployments" name="test_deploy_service" time="0.009" /><testcase classname="tests.api.test_deployments" name="test_deploy_unknown_service" time="0.007" /><testcase classname="tests.api.test_deployments" name="test_deployment_history" time="0.009" /><testcase classname="tests.api.test_health" name="test_health_endpoint" time="0.005" /><testcase classname="tests.api.test_services" name="test_health_check" time="0.005" /><testcase classname="tests.api.test_services" name="test_get_all_services" time="0.007" /><testcase classname="tests.api.test_services" name="test_get_existing_service" time="0.008" /><testcase classname="tests.api.test_services" name="test_get_non_existing_service" time="0.006" /><testcase classname="tests.api.test_services" name="test_service_requires_authentication" time="0.006" /><testcase classname="tests.api.test_services" name="test_stop_service" time="0.008" /><testcase classname="tests.api.test_services" name="test_start_service" time="0.007" /><testcase classname="tests.api.test_services" name="test_invalid_service_action" time="0.006" /><testcase classname="tests.api.test_services" name="test_deploy_service" time="0.007" /><testcase classname="tests.api.test_services" name="test_deploy_non_existing_service" time="0.007" /><testcase classname="tests.api.test_services" name="test_deployment_history" time="0.009" /><testcase classname="tests.ui.test_login" name="test_valid_login[chromium]" time="1.362" /></testsuite></testsuites>